// Jest Snapshot v1, https://goo.gl/fbAQLP

exports[`Body of Styles Matches snapshot 1`] = `
<main
  className="container"
>
  <div
    className="headerContainer"
  >
    <a
      href="/"
      onClick={[Function]}
    >
      <svg
        fill="currentColor"
        height="1em"
        stroke="currentColor"
        strokeWidth="0"
        style={
          Object {
            "color": undefined,
          }
        }
        viewBox="0 0 512 512"
        width="1em"
        xmlns="http://www.w3.org/2000/svg"
      >
        <path
          d="M217.9 256L345 129c9.4-9.4 9.4-24.6 0-33.9-9.4-9.4-24.6-9.3-34 0L167 239c-9.1 9.1-9.3 23.7-.7 33.1L310.9 417c4.7 4.7 10.9 7 17 7s12.3-2.3 17-7c9.4-9.4 9.4-24.6 0-33.9L217.9 256z"
        />
      </svg>
    </a>
    <h1>
      Beer Styles
    </h1>
  </div>
  <div
    className="btnContainer"
  >
    <button
      onClick={[Function]}
      type="submit"
    >
      ABV Filter
    </button>
    <button
      onClick={[Function]}
      type="submit"
    >
      IBU Filter
    </button>
  </div>
  <div
    className="sliderContainer"
  />
  <ul />
</main>
`;
